// Jest Snapshot v1, https://goo.gl/fbAQLP

exports[`Loader should match the snapshot 1`] = `ShallowWrapper {}`;
