// Jest Snapshot v1, https://goo.gl/fbAQLP

exports[`MoviesContainer should match the snapshot when there are movies in state 1`] = `
"<Fragment>
  <Connect(Movie) movie={{...}} />
</Fragment>"
`;
