// Jest Snapshot v1, https://goo.gl/fbAQLP

exports[`Login login Component Should match the snapshot 1`] = `ShallowWrapper {}`;
