// Jest Snapshot v1, https://goo.gl/fbAQLP

exports[`MovieShowPage Should match the snapshot 1`] = `ShallowWrapper {}`;
